Archive member included because of file (symbol)

C:/Freescale/CW_MCU_v10.6/MCU/ARM_GCC_Support/ewl/lib/armv6-m\libc.a(__strtold.o)
                              ./Sources/util.o (atof)
C:/Freescale/CW_MCU_v10.6/MCU/ARM_GCC_Support/ewl/lib/armv6-m\libc.a(vsscanf.o)
                              C:/Freescale/CW_MCU_v10.6/MCU/ARM_GCC_Support/ewl/lib/armv6-m\libc.a(__strtold.o) (__StringRead)
C:/Freescale/CW_MCU_v10.6/MCU/ARM_GCC_Support/ewl/lib/armv6-m\libc.a(alloc.o)
                              ./Sources/buffer_circular.o (malloc)
C:/Freescale/CW_MCU_v10.6/MCU/ARM_GCC_Support/ewl/lib/armv6-m\libc.a(exit.o)
                              ./Project_Settings/Startup_Code/__arm_start.o (exit)
C:/Freescale/CW_MCU_v10.6/MCU/ARM_GCC_Support/ewl/lib/armv6-m\libc.a(memcpy.o)
                              C:/Freescale/CW_MCU_v10.6/MCU/ARM_GCC_Support/ewl/lib/armv6-m\libc.a(alloc.o) (memcpy)
C:/Freescale/CW_MCU_v10.6/MCU/ARM_GCC_Support/ewl/lib/armv6-m\libc.a(memset.o)
                              ./Project_Settings/Startup_Code/__arm_start.o (memset)
C:/Freescale/CW_MCU_v10.6/MCU/ARM_GCC_Support/ewl/lib/armv6-m\libc.a(strcmp.o)
                              ./Sources/ISR.o (strcmp)
C:/Freescale/CW_MCU_v10.6/MCU/ARM_GCC_Support/ewl/lib/armv6-m\libc.a(strlen.o)
                              ./Sources/util.o (strlen)
C:/Freescale/CW_MCU_v10.6/MCU/ARM_GCC_Support/ewl/lib/armv6-m\libc.a(strtok.o)
                              ./Sources/util.o (strtok)
C:/Freescale/CW_MCU_v10.6/MCU/ARM_GCC_Support/ewl/lib/armv6-m\libc.a(scanformat_.o)
                              C:/Freescale/CW_MCU_v10.6/MCU/ARM_GCC_Support/ewl/lib/armv6-m\libc.a(vsscanf.o) (__sformatter)
C:/Freescale/CW_MCU_v10.6/MCU/ARM_GCC_Support/ewl/lib/armv6-m\libc.a(ctype_aeabi.o)
                              C:/Freescale/CW_MCU_v10.6/MCU/ARM_GCC_Support/ewl/lib/armv6-m\libc.a(__strtold.o) (isspace)
C:/Freescale/CW_MCU_v10.6/MCU/ARM_GCC_Support/ewl/lib/armv6-m\libc.a(errno.o)
                              C:/Freescale/CW_MCU_v10.6/MCU/ARM_GCC_Support/ewl/lib/armv6-m\libc.a(__strtold.o) (errno)
C:/Freescale/CW_MCU_v10.6/MCU/ARM_GCC_Support/ewl/lib/armv6-m\libc.a(__strtoul.o)
                              C:/Freescale/CW_MCU_v10.6/MCU/ARM_GCC_Support/ewl/lib/armv6-m\libc.a(scanformat_.o) (__strtoul)
C:/Freescale/CW_MCU_v10.6/MCU/ARM_GCC_Support/ewl/lib/armv6-m\libc.a(__filll_mem.o)
                              C:/Freescale/CW_MCU_v10.6/MCU/ARM_GCC_Support/ewl/lib/armv6-m\libc.a(memset.o) (__fill_mem)
C:/Freescale/CW_MCU_v10.6/MCU/ARM_GCC_Support/ewl/lib/armv6-m\libm.a(ansi_fp.o)
                              C:/Freescale/CW_MCU_v10.6/MCU/ARM_GCC_Support/ewl/lib/armv6-m\libc.a(__strtold.o) (__dec2num)
C:/Freescale/CW_MCU_v10.6/MCU/ARM_GCC_Support/ewl/lib/armv6-m\libm.a(float.o)
                              C:/Freescale/CW_MCU_v10.6/MCU/ARM_GCC_Support/ewl/lib/armv6-m\libc.a(__strtold.o) (__extended_max)
C:/Freescale/CW_MCU_v10.6/MCU/ARM_GCC_Support/ewl/lib/armv6-m\libm.a(math_api.o)
                              C:/Freescale/CW_MCU_v10.6/MCU/ARM_GCC_Support/ewl/lib/armv6-m\libm.a(ansi_fp.o) (__signbitd)
C:/Freescale/CW_MCU_v10.6/MCU/ARM_GCC_Support/ewl/lib/armv6-m\libm.a(s_frexp.o)
                              C:/Freescale/CW_MCU_v10.6/MCU/ARM_GCC_Support/ewl/lib/armv6-m\libm.a(ansi_fp.o) (frexp)
C:/Freescale/CW_MCU_v10.6/MCU/ARM_GCC_Support/ewl/lib/armv6-m\libm.a(w_pow.o)
                              C:/Freescale/CW_MCU_v10.6/MCU/ARM_GCC_Support/ewl/lib/armv6-m\libm.a(ansi_fp.o) (pow)
C:/Freescale/CW_MCU_v10.6/MCU/ARM_GCC_Support/ewl/lib/armv6-m\libm.a(e_pow.o)
                              C:/Freescale/CW_MCU_v10.6/MCU/ARM_GCC_Support/ewl/lib/armv6-m\libm.a(w_pow.o) (__ieee754_pow)
C:/Freescale/CW_MCU_v10.6/MCU/ARM_GCC_Support/ewl/lib/armv6-m\libm.a(scalbn.o)
                              C:/Freescale/CW_MCU_v10.6/MCU/ARM_GCC_Support/ewl/lib/armv6-m\libm.a(e_pow.o) (scalbn)
C:/Freescale/CW_MCU_v10.6/MCU/ARM_GCC_Support/ewl/lib/armv6-m\libm.a(w_sqrt.o)
                              C:/Freescale/CW_MCU_v10.6/MCU/ARM_GCC_Support/ewl/lib/armv6-m\libm.a(e_pow.o) (sqrt)
C:/Freescale/CW_MCU_v10.6/MCU/ARM_GCC_Support/ewl/lib/armv6-m\libm.a(e_sqrt.o)
                              C:/Freescale/CW_MCU_v10.6/MCU/ARM_GCC_Support/ewl/lib/armv6-m\libm.a(w_sqrt.o) (__ieee754_sqrt)
C:/Freescale/CW_MCU_v10.6/MCU/ARM_GCC_Support/ewl/lib/armv6-m\libm.a(s_ldexp.o)
                              C:/Freescale/CW_MCU_v10.6/MCU/ARM_GCC_Support/ewl/lib/armv6-m\libm.a(scalbn.o) (ldexp)
c:/freescale/cw_mcu_v10.6/cross_tools/arm-none-eabi-gcc-4_7_3/bin/../lib/gcc/arm-none-eabi/4.7.3/armv6-m\libgcc.a(_thumb1_case_sqi.o)
                              C:/Freescale/CW_MCU_v10.6/MCU/ARM_GCC_Support/ewl/lib/armv6-m\libc.a(__strtoul.o) (__gnu_thumb1_case_sqi)
c:/freescale/cw_mcu_v10.6/cross_tools/arm-none-eabi-gcc-4_7_3/bin/../lib/gcc/arm-none-eabi/4.7.3/armv6-m\libgcc.a(_thumb1_case_uqi.o)
[...]
Memory Configuration

Name             Origin             Length             Attributes
m_interrupts     0x00000000         0x000000c0         xr
m_cfmprotrom     0x00000400         0x00000010         xr
m_text           0x00000800         0x0001f800         xr
m_data           0x1ffff000         0x00004000         xrw
*default*        0x00000000         0xffffffff

Linker script and memory map

LOAD ./Project_Settings/Startup_Code/kinetis_sysinit.o
LOAD ./Project_Settings/Startup_Code/__arm_start.o
LOAD ./Project_Settings/Startup_Code/__arm_end.o
LOAD ./Sources/util.o
LOAD ./Sources/timers.o
LOAD ./Sources/sa_mtb.o
LOAD ./Sources/main.o
LOAD ./Sources/buffer_circular.o
LOAD ./Sources/UART.o
LOAD ./Sources/ISR.o
START GROUP
LOAD C:/Freescale/CW_MCU_v10.6/MCU/ARM_GCC_Support/ewl/lib/armv6-m\libc.a
LOAD C:/Freescale/CW_MCU_v10.6/MCU/ARM_GCC_Support/ewl/lib/armv6-m\libm.a
LOAD c:/freescale/cw_mcu_v10.6/cross_tools/arm-none-eabi-gcc-4_7_3/bin/../lib/gcc/arm-none-eabi/4.7.3/armv6-m\libgcc.a
LOAD C:/Freescale/CW_MCU_v10.6/MCU/ARM_GCC_Support/ewl/lib/armv6-m\librt.a
END GROUP
                0x20003000                _estack = 0x20003000
                0x20003000                __SP_INIT = _estack
                0x00000400                __heap_size = 0x400
                0x00000400                __stack_size = 0x400

.interrupts     0x00000000       0xc0
                0x00000000                __vector_table = .
                0x00000000                . = ALIGN (0x4)
 *(.vectortable)
 .vectortable   0x00000000       0xc0 ./Project_Settings/Startup_Code/kinetis_sysinit.o
                0x00000000                InterruptVector
                0x000000c0                . = ALIGN (0x4)

.cfmprotect     0x00000400        0x0
                0x00000400                . = ALIGN (0x4)
 *(.cfmconfig)
                0x00000400                . = ALIGN (0x4)

.text           0x00000800      0xf3c
                0x00000800                . = ALIGN (0x4)
 *(.text)
 .text          0x00000800       0x7c c:/freescale/cw_mcu_v10.6/cross_tools/arm-none-eabi-gcc-4_7_3/bin/../lib/gcc/arm-none-eabi/4.7.3/armv6-m\libgcc.a(_arm_cmpdf2.o)
                0x00000800                __aeabi_cdrcmple
                0x00000810                __aeabi_cdcmple
                0x00000810                __aeabi_cdcmpeq
                0x00000820                __aeabi_dcmpeq
                0x0000082c                __aeabi_dcmplt
                0x00000840                __aeabi_dcmple
                0x00000854                __aeabi_dcmpgt
                0x00000868                __aeabi_dcmpge
 .text          0x0000087c       0x7c c:/freescale/cw_mcu_v10.6/cross_tools/arm-none-eabi-gcc-4_7_3/bin/../lib/gcc/arm-none-eabi/4.7.3/armv6-m\libgcc.a(eqdf2.o)
                0x0000087c                __nedf2
                0x0000087c                __eqdf2
 .text          0x000008f8       0xe8 c:/freescale/cw_mcu_v10.6/cross_tools/arm-none-eabi-gcc-4_7_3/bin/../lib/gcc/arm-none-eabi/4.7.3/armv6-m\libgcc.a(gedf2.o)
                0x000008f8                __gedf2
                0x000008f8                __gtdf2
 .text          0x000009e0       0xd8 c:/freescale/cw_mcu_v10.6/cross_tools/arm-none-eabi-gcc-4_7_3/bin/../lib/gcc/arm-none-eabi/4.7.3/armv6-m\libgcc.a(ledf2.o)
                0x000009e0                __ledf2
                0x000009e0                __ltdf2
 .text          0x00000ab8       0x74 c:/freescale/cw_mcu_v10.6/cross_tools/arm-none-eabi-gcc-4_7_3/bin/../lib/gcc/arm-none-eabi/4.7.3/armv6-m\libgcc.a(floatsidf.o)
                0x00000ab8                __aeabi_i2d
 .text          0x00000b2c       0x3c c:/freescale/cw_mcu_v10.6/cross_tools/arm-none-eabi-gcc-4_7_3/bin/../lib/gcc/arm-none-eabi/4.7.3/armv6-m\libgcc.a(_clzsi2.o)
                0x00000b2c                __clzsi2
 *(.text*)
 .text.Default_Handler
                0x00000b68        0xc ./Project_Settings/Startup_Code/kinetis_sysinit.o
                0x00000b68                RTC_Alarm_IRQHandler
                0x00000b68                I2C0_IRQHandler
                0x00000b68                HardFault_Handler
                0x00000b68                SysTick_Handler
                0x00000b68                PendSV_Handler
                0x00000b68                NMI_Handler
                0x00000b68                I2C1_IRQHandler
                0x00000b68                UART1_IRQHandler
                0x00000b68                DMA2_IRQHandler
                0x00000b68                TSI0_IRQHandler
                0x00000b68                UART0_IRQHandler
                0x00000b68                ADC0_IRQHandler
                0x00000b68                SPI1_IRQHandler
                0x00000b68                PORTD_IRQHandler
                0x00000b68                LPTimer_IRQHandler
                0x00000b68                FTM1_IRQHandler
                0x00000b68                RTC_Seconds_IRQHandler
                0x00000b68                MCG_IRQHandler
                0x00000b68                Default_Handler
                0x00000b68                LLW_IRQHandler
                0x00000b68                PIT_IRQHandler
                0x00000b68                SVC_Handler
                0x00000b68                USBOTG_IRQHandler
                0x00000b68                DMA3_IRQHandler
                0x00000b68                DMA0_IRQHandler
                0x00000b68                DAC0_IRQHandler
                0x00000b68                PMC_IRQHandler
                0x00000b68                SPI0_IRQHandler
                0x00000b68                FTM0_IRQHandler
                0x00000b68                PORTA_IRQHandler
                0x00000b68                MCM_IRQHandler
                0x00000b68                FTFL_IRQHandler
                0x00000b68                FTM2_IRQHandler
                0x00000b68                CMP0_IRQHandler
                0x00000b68                DMA1_IRQHandler
 .text.__init_hardware
                0x00000b74       0x2c ./Project_Settings/Startup_Code/kinetis_sysinit.o
                0x00000b74                __init_hardware
 .text.zero_fill_bss
                0x00000ba0       0x24 ./Project_Settings/Startup_Code/__arm_start.o
 .text.__thumb_startup
                0x00000bc4       0x30 ./Project_Settings/Startup_Code/__arm_start.o
                0x00000bc4                __thumb_startup
 .text._ExitProcess
                0x00000bf4        0xc ./Project_Settings/Startup_Code/__arm_end.o
                0x00000bf4                _ExitProcess
 .text.SIM_setaOUTDIV4
                0x00000c00       0x48 ./Sources/timers.o
                0x00000c00                SIM_setaOUTDIV4
 .text.main     0x00000c48       0xa0 ./Sources/main.o
                0x00000c48                main
 .text.BC_init  0x00000ce8       0x34 ./Sources/buffer_circular.o
                0x00000ce8                BC_init
 .text.BC_push  0x00000d1c       0x54 ./Sources/buffer_circular.o
                0x00000d1c                BC_push
 .text.BC_pop   0x00000d70       0x60 ./Sources/buffer_circular.o
                0x00000d70                BC_pop
 .text.UART_configure
                0x00000dd0      0x3d4 ./Sources/UART.o
                0x00000dd0                UART_configure
 .text.UART_initH5Bluetooth
                0x000011a4       0x44 ./Sources/UART.o
                0x000011a4                UART_initH5Bluetooth
 .text.UART_ativaIRQH5Bluetooth
                0x000011e8       0x48 ./Sources/UART.o
                0x000011e8                UART_ativaIRQH5Bluetooth
 .text.UART2_ativaInterruptRxTerminal
                0x00001230       0x1c ./Sources/UART.o
                0x00001230                UART2_ativaInterruptRxTerminal
 .text.UART2_IRQHandler
                0x0000124c       0x74 ./Sources/ISR.o
                0x0000124c                UART2_IRQHandler
 .text.ISR_LeEstado
                0x000012c0       0x14 ./Sources/ISR.o
                0x000012c0                ISR_LeEstado
 .text.ISR_AtualizaEstado
                0x000012d4       0x20 ./Sources/ISR.o
                0x000012d4                ISR_AtualizaEstado
 .text.ISR_inicializaBC
                0x000012f4       0x18 ./Sources/ISR.o
                0x000012f4                ISR_inicializaBC
 .text.ISR_extraiString
                0x0000130c       0xc8 ./Sources/ISR.o
                0x0000130c                ISR_extraiString
 .text.sbrk     0x000013d4       0x2c C:/Freescale/CW_MCU_v10.6/MCU/ARM_GCC_Support/ewl/lib/armv6-m\libc.a(alloc.o)
                0x000013d4                sbrk
 .text.malloc   0x00001400      0x114 C:/Freescale/CW_MCU_v10.6/MCU/ARM_GCC_Support/ewl/lib/armv6-m\libc.a(alloc.o)
                0x00001400                malloc
 .text.exit     0x00001514       0x38 C:/Freescale/CW_MCU_v10.6/MCU/ARM_GCC_Support/ewl/lib/armv6-m\libc.a(exit.o)
                0x00001514                exit
 .text.memset   0x0000154c        0xc C:/Freescale/CW_MCU_v10.6/MCU/ARM_GCC_Support/ewl/lib/armv6-m\libc.a(memset.o)
                0x0000154c                memset
 .text.strcmp   0x00001558       0x1c C:/Freescale/CW_MCU_v10.6/MCU/ARM_GCC_Support/ewl/lib/armv6-m\libc.a(strcmp.o)
                0x00001558                strcmp
 .text.__fill_mem
                0x00001574       0x7e C:/Freescale/CW_MCU_v10.6/MCU/ARM_GCC_Support/ewl/lib/armv6-m\libc.a(__filll_mem.o)
                0x00001574                __fill_mem
 *fill*         0x000015f2        0x2 00
 .text.__init_cpp
                0x000015f4       0x48 C:/Freescale/CW_MCU_v10.6/MCU/ARM_GCC_Support/ewl/lib/armv6-m\librt.a(gcc_ctor_dtor.o)
                0x000015f4                __init_cpp
 .text.__fini_cpp
                0x0000163c       0x34 C:/Freescale/CW_MCU_v10.6/MCU/ARM_GCC_Support/ewl/lib/armv6-m\librt.a(gcc_ctor_dtor.o)
                0x0000163c                __fini_cpp
 .text.__copy_rom_section
                0x00001670       0x48 C:/Freescale/CW_MCU_v10.6/MCU/ARM_GCC_Support/ewl/lib/armv6-m\librt.a(ROMCopy.o)
                0x00001670                __copy_rom_section
 .text.__copy_rom_sections_to_ram
                0x000016b8       0x34 C:/Freescale/CW_MCU_v10.6/MCU/ARM_GCC_Support/ewl/lib/armv6-m\librt.a(ROMCopy.o)
                0x000016b8                __copy_rom_sections_to_ram
 .text.__destroy_global_chain
                0x000016ec       0x1c C:/Freescale/CW_MCU_v10.6/MCU/ARM_GCC_Support/ewl/lib/armv6-m\librt.a(__arm_eabi_init.o)
                0x000016ec                __destroy_global_chain
 .text.__init_registers
                0x00001708       0x1c C:/Freescale/CW_MCU_v10.6/MCU/ARM_GCC_Support/ewl/lib/armv6-m\librt.a(__arm_eabi_init.o)
                0x00001708                __init_registers
 .text.__init_user
                0x00001724        0x4 C:/Freescale/CW_MCU_v10.6/MCU/ARM_GCC_Support/ewl/lib/armv6-m\librt.a(__arm_eabi_init.o)
                0x00001724                __init_user
 *(.rodata)
 .rodata        0x00001728       0x14 ./Sources/ISR.o
 *(.rodata*)
 *(.glue_7)
 .glue_7        0x00000000        0x0 linker stubs
 *(.glue_7t)
 .glue_7t       0x00000000        0x0 linker stubs
 *(.eh_frame)
 *(.init)
 *(.fini)
                0x0000173c                . = ALIGN (0x4)
                0x0000173c                _etext = .

.vfp11_veneer   0x0000173c        0x0
 .vfp11_veneer  0x00000000        0x0 linker stubs

.v4_bx          0x0000173c        0x0
 .v4_bx         0x00000000        0x0 linker stubs

.iplt           0x0000173c        0x0
 .iplt          0x00000000        0x0 ./Project_Settings/Startup_Code/kinetis_sysinit.o

.rel.dyn        0x0000173c        0x0
 .rel.iplt      0x00000000        0x0 ./Project_Settings/Startup_Code/kinetis_sysinit.o

.ARM.extab
 *(.ARM.extab* .gnu.linkonce.armextab.*)

.ARM            0x0000173c        0x0
                0x0000173c                __exidx_start = .
 *(.ARM.exidx*)
                0x0000173c                __exidx_end = .

.ctors          0x0000173c        0x0
                0x0000173c                __CTOR_LIST__ = .
 *crtbegin.o(.ctors)
 *(EXCLUDE_FILE(*crtend.o) .ctors)
 *(SORT(.ctors.*))
 *(.ctors)
                0x0000173c                __CTOR_END__ = .

.dtors          0x0000173c        0x0
                0x0000173c                __DTOR_LIST__ = .
 *crtbegin.o(.dtors)
 *(EXCLUDE_FILE(*crtend.o) .dtors)
 *(SORT(.dtors.*))
 *(.dtors)
                0x0000173c                __DTOR_END__ = .

.preinit_array  0x0000173c        0x0
                0x0000173c                PROVIDE (__preinit_array_start, .)
 *(.preinit_array*)
                0x0000173c                PROVIDE (__preinit_array_end, .)

.init_array     0x0000173c        0x0
                0x0000173c                PROVIDE (__init_array_start, .)
 *(SORT(.init_array.*))
 *(.init_array*)
                0x0000173c                PROVIDE (__init_array_end, .)

.fini_array     0x0000173c        0x0
                0x0000173c                PROVIDE (__fini_array_start, .)
 *(SORT(.fini_array.*))
 *(.fini_array*)
                0x0000173c                PROVIDE (__fini_array_end, .)
                0x0000173c                ___ROM_AT = .

.mtb            0x1ffff000        0x0
                0x1ffff000                . = ALIGN (0x8)
                0x1ffff000                _mtb_start = .
 *(.mtb_buf)
                0x1ffff000                . = ALIGN (0x8)
                0x1ffff000                _mtb_end = .

.data           0x1ffff000       0x24 load address 0x0000173c
                0x1ffff000                . = ALIGN (0x4)
                0x1ffff000                _sdata = .
 *(.data)
 *(.data*)
 .data.config2  0x1ffff000       0x18 ./Sources/main.o
                0x1ffff000                config2
 .data.UART     0x1ffff018        0x8 ./Sources/UART.o
                0x1ffff018                UART
 .data.tail     0x1ffff020        0x4 C:/Freescale/CW_MCU_v10.6/MCU/ARM_GCC_Support/ewl/lib/armv6-m\libc.a(alloc.o)
                0x1ffff024                . = ALIGN (0x4)
                0x1ffff024                _edata = .
                0x00000024                ___data_size = (_edata - _sdata)

.igot.plt       0x1ffff024        0x0 load address 0x00001760
 .igot.plt      0x00000000        0x0 ./Project_Settings/Startup_Code/kinetis_sysinit.o
                0x1ffff024                . = ALIGN (0x4)

.bss            0x1ffff024       0x38 load address 0x00001760
                0x1ffff024                __START_BSS = .
                0x1ffff024                PROVIDE (__bss_start__, __START_BSS)
 *(.bss)
 *(.bss*)
 .bss.argv      0x1ffff024        0x4 ./Project_Settings/Startup_Code/__arm_start.o
 .bss.bufferE   0x1ffff028       0x10 ./Sources/ISR.o
 .bss.head      0x1ffff038        0x4 C:/Freescale/CW_MCU_v10.6/MCU/ARM_GCC_Support/ewl/lib/armv6-m\libc.a(alloc.o)
 .bss.heap_end.4347
                0x1ffff03c        0x4 C:/Freescale/CW_MCU_v10.6/MCU/ARM_GCC_Support/ewl/lib/armv6-m\libc.a(alloc.o)
 .bss.__stdio_exit
                0x1ffff040        0x4 C:/Freescale/CW_MCU_v10.6/MCU/ARM_GCC_Support/ewl/lib/armv6-m\libc.a(exit.o)
                0x1ffff040                __stdio_exit
 .bss.__console_exit
                0x1ffff044        0x4 C:/Freescale/CW_MCU_v10.6/MCU/ARM_GCC_Support/ewl/lib/armv6-m\libc.a(exit.o)
                0x1ffff044                __console_exit
 .bss.__S_romp  0x1ffff048        0xc C:/Freescale/CW_MCU_v10.6/MCU/ARM_GCC_Support/ewl/lib/armv6-m\librt.a(ROMCopy.o)
 .bss.__global_destructor_chain
                0x1ffff054        0x4 C:/Freescale/CW_MCU_v10.6/MCU/ARM_GCC_Support/ewl/lib/armv6-m\librt.a(__arm_eabi_init.o)
                0x1ffff054                __global_destructor_chain
 *(COMMON)
 COMMON         0x1ffff058        0x2 ./Sources/ISR.o
                0x1ffff058                new_state_tag
                0x1ffff059                state_tag
                0x1ffff05c                . = ALIGN (0x4)
 *fill*         0x1ffff05a        0x2 00
                0x1ffff05c                __END_BSS = .
                0x1ffff05c                PROVIDE (__bss_end__, __END_BSS)
                0x00001760                _romp_at = (___ROM_AT + SIZEOF (.data))

.romp           0x1ffff05c       0x18 load address 0x00001760
                0x00001760                __S_romp = _romp_at
                0x1ffff05c        0x4 LONG 0x173c ___ROM_AT
                0x1ffff060        0x4 LONG 0x1ffff000 _sdata
                0x1ffff064        0x4 LONG 0x24 ___data_size
                0x1ffff068        0x4 LONG 0x0
                0x1ffff06c        0x4 LONG 0x0
                0x1ffff070        0x4 LONG 0x0

._user_heap_stack
                0x1ffff074      0x800 load address 0x00001778
                0x1ffff074                . = ALIGN (0x4)
                0x1ffff074                PROVIDE (end, .)
                0x1ffff074                PROVIDE (_end, .)
                0x1ffff074                __heap_addr = .
                0x1ffff474                . = (. + __heap_size)
 *fill*         0x1ffff074      0x400 00
                0x1ffff874                . = (. + __stack_size)
 *fill*         0x1ffff474      0x400 00
                0x1ffff874                . = ALIGN (0x4)

.ARM.attributes
                0x00000000       0x31
 *(.ARM.attributes)
 .ARM.attributes
                0x00000000       0x31 ./Project_Settings/Startup_Code/kinetis_sysinit.o
 .ARM.attributes
                0x00000031       0x31 ./Project_Settings/Startup_Code/__arm_start.o
 .ARM.attributes
                0x00000062       0x31 ./Project_Settings/Startup_Code/__arm_end.o
 .ARM.attributes
                0x00000093       0x31 ./Sources/timers.o
 .ARM.attributes
                0x000000c4       0x31 ./Sources/main.o
 .ARM.attributes
                0x000000f5       0x31 ./Sources/buffer_circular.o
 .ARM.attributes
                0x00000126       0x31 ./Sources/UART.o
 .ARM.attributes
                0x00000157       0x31 ./Sources/ISR.o
 .ARM.attributes
                0x00000188       0x31 C:/Freescale/CW_MCU_v10.6/MCU/ARM_GCC_Support/ewl/lib/armv6-m\libc.a(alloc.o)
 .ARM.attributes
                0x000001b9       0x31 C:/Freescale/CW_MCU_v10.6/MCU/ARM_GCC_Support/ewl/lib/armv6-m\libc.a(exit.o)
 .ARM.attributes
                0x000001ea       0x31 C:/Freescale/CW_MCU_v10.6/MCU/ARM_GCC_Support/ewl/lib/armv6-m\libc.a(memset.o)
 .ARM.attributes
                0x0000021b       0x31 C:/Freescale/CW_MCU_v10.6/MCU/ARM_GCC_Support/ewl/lib/armv6-m\libc.a(strcmp.o)
 .ARM.attributes
                0x0000024c       0x31 C:/Freescale/CW_MCU_v10.6/MCU/ARM_GCC_Support/ewl/lib/armv6-m\libc.a(__filll_mem.o)
 .ARM.attributes
                0x0000027d       0x1e c:/freescale/cw_mcu_v10.6/cross_tools/arm-none-eabi-gcc-4_7_3/bin/../lib/gcc/arm-none-eabi/4.7.3/armv6-m\libgcc.a(_arm_cmpdf2.o)
 .ARM.attributes
                0x0000029b       0x2c c:/freescale/cw_mcu_v10.6/cross_tools/arm-none-eabi-gcc-4_7_3/bin/../lib/gcc/arm-none-eabi/4.7.3/armv6-m\libgcc.a(eqdf2.o)
 .ARM.attributes
                0x000002c7       0x2c c:/freescale/cw_mcu_v10.6/cross_tools/arm-none-eabi-gcc-4_7_3/bin/../lib/gcc/arm-none-eabi/4.7.3/armv6-m\libgcc.a(gedf2.o)
 .ARM.attributes
                0x000002f3       0x2c c:/freescale/cw_mcu_v10.6/cross_tools/arm-none-eabi-gcc-4_7_3/bin/../lib/gcc/arm-none-eabi/4.7.3/armv6-m\libgcc.a(ledf2.o)
 .ARM.attributes
                0x0000031f       0x2c c:/freescale/cw_mcu_v10.6/cross_tools/arm-none-eabi-gcc-4_7_3/bin/../lib/gcc/arm-none-eabi/4.7.3/armv6-m\libgcc.a(floatsidf.o)
 .ARM.attributes
                0x0000034b       0x1e c:/freescale/cw_mcu_v10.6/cross_tools/arm-none-eabi-gcc-4_7_3/bin/../lib/gcc/arm-none-eabi/4.7.3/armv6-m\libgcc.a(_clzsi2.o)
 .ARM.attributes
                0x00000369       0x31 C:/Freescale/CW_MCU_v10.6/MCU/ARM_GCC_Support/ewl/lib/armv6-m\librt.a(gcc_ctor_dtor.o)
 .ARM.attributes
                0x0000039a       0x31 C:/Freescale/CW_MCU_v10.6/MCU/ARM_GCC_Support/ewl/lib/armv6-m\librt.a(ROMCopy.o)
 .ARM.attributes
                0x000003cb       0x31 C:/Freescale/CW_MCU_v10.6/MCU/ARM_GCC_Support/ewl/lib/armv6-m\librt.a(__arm_eabi_init.o)
OUTPUT(rot11_aula.elf elf32-littlearm)

.debug_info     0x00000000     0x294d
 .debug_info    0x00000000      0x447 ./Project_Settings/Startup_Code/kinetis_sysinit.o
 .debug_info    0x00000447      0x12a ./Project_Settings/Startup_Code/__arm_start.o
 .debug_info    0x00000571       0x54 ./Project_Settings/Startup_Code/__arm_end.o
 .debug_info    0x000005c5      0x7e1 ./Sources/timers.o
 .debug_info    0x00000da6      0x26a ./Sources/main.o
 .debug_info    0x00001010      0x288 ./Sources/buffer_circular.o
 .debug_info    0x00001298      0x6d1 ./Sources/UART.o
 .debug_info    0x00001969      0x2fb ./Sources/ISR.o
 .debug_info    0x00001c64      0x340 C:/Freescale/CW_MCU_v10.6/MCU/ARM_GCC_Support/ewl/lib/armv6-m\libc.a(alloc.o)
 .debug_info    0x00001fa4       0xe8 C:/Freescale/CW_MCU_v10.6/MCU/ARM_GCC_Support/ewl/lib/armv6-m\libc.a(exit.o)
 .debug_info    0x0000208c       0xec C:/Freescale/CW_MCU_v10.6/MCU/ARM_GCC_Support/ewl/lib/armv6-m\libc.a(memset.o)
 .debug_info    0x00002178      0x114 C:/Freescale/CW_MCU_v10.6/MCU/ARM_GCC_Support/ewl/lib/armv6-m\libc.a(strcmp.o)
 .debug_info    0x0000228c      0x137 C:/Freescale/CW_MCU_v10.6/MCU/ARM_GCC_Support/ewl/lib/armv6-m\libc.a(__filll_mem.o)
 .debug_info    0x000023c3      0x136 C:/Freescale/CW_MCU_v10.6/MCU/ARM_GCC_Support/ewl/lib/armv6-m\librt.a(gcc_ctor_dtor.o)
 .debug_info    0x000024f9      0x19b C:/Freescale/CW_MCU_v10.6/MCU/ARM_GCC_Support/ewl/lib/armv6-m\librt.a(ROMCopy.o)
 .debug_info    0x00002694      0x2b9 C:/Freescale/CW_MCU_v10.6/MCU/ARM_GCC_Support/ewl/lib/armv6-m\librt.a(__arm_eabi_init.o)

.debug_abbrev   0x00000000      0xdd1
 .debug_abbrev  0x00000000       0xe7 ./Project_Settings/Startup_Code/kinetis_sysinit.o
 .debug_abbrev  0x000000e7       0x92 ./Project_Settings/Startup_Code/__arm_start.o
 .debug_abbrev  0x00000179       0x4c ./Project_Settings/Startup_Code/__arm_end.o
 .debug_abbrev  0x000001c5      0x11d ./Sources/timers.o
 .debug_abbrev  0x000002e2       0xc5 ./Sources/main.o
 .debug_abbrev  0x000003a7       0xd0 ./Sources/buffer_circular.o
 .debug_abbrev  0x00000477      0x157 ./Sources/UART.o
 .debug_abbrev  0x000005ce      0x153 ./Sources/ISR.o
 .debug_abbrev  0x00000721      0x167 C:/Freescale/CW_MCU_v10.6/MCU/ARM_GCC_Support/ewl/lib/armv6-m\libc.a(alloc.o)
 .debug_abbrev  0x00000888       0x7a C:/Freescale/CW_MCU_v10.6/MCU/ARM_GCC_Support/ewl/lib/armv6-m\libc.a(exit.o)
 .debug_abbrev  0x00000902       0x62 C:/Freescale/CW_MCU_v10.6/MCU/ARM_GCC_Support/ewl/lib/armv6-m\libc.a(memset.o)
 .debug_abbrev  0x00000964       0x89 C:/Freescale/CW_MCU_v10.6/MCU/ARM_GCC_Support/ewl/lib/armv6-m\libc.a(strcmp.o)
 .debug_abbrev  0x000009ed       0x78 C:/Freescale/CW_MCU_v10.6/MCU/ARM_GCC_Support/ewl/lib/armv6-m\libc.a(__filll_mem.o)
 .debug_abbrev  0x00000a65       0x99 C:/Freescale/CW_MCU_v10.6/MCU/ARM_GCC_Support/ewl/lib/armv6-m\librt.a(gcc_ctor_dtor.o)
 .debug_abbrev  0x00000afe      0x120 C:/Freescale/CW_MCU_v10.6/MCU/ARM_GCC_Support/ewl/lib/armv6-m\librt.a(ROMCopy.o)
 .debug_abbrev  0x00000c1e      0x1b3 C:/Freescale/CW_MCU_v10.6/MCU/ARM_GCC_Support/ewl/lib/armv6-m\librt.a(__arm_eabi_init.o)

.debug_loc      0x00000000     0x1089
 .debug_loc     0x00000000       0x58 ./Project_Settings/Startup_Code/kinetis_sysinit.o
 .debug_loc     0x00000058       0x2c ./Project_Settings/Startup_Code/__arm_start.o
 .debug_loc     0x00000084       0x38 ./Project_Settings/Startup_Code/__arm_end.o
 .debug_loc     0x000000bc      0x2ec ./Sources/timers.o
 .debug_loc     0x000003a8       0x38 ./Sources/main.o
 .debug_loc     0x000003e0      0x1c0 ./Sources/buffer_circular.o
 .debug_loc     0x000005a0       0xc8 ./Sources/UART.o
 .debug_loc     0x00000668      0x184 ./Sources/ISR.o
 .debug_loc     0x000007ec      0x335 C:/Freescale/CW_MCU_v10.6/MCU/ARM_GCC_Support/ewl/lib/armv6-m\libc.a(alloc.o)
 .debug_loc     0x00000b21       0x3e C:/Freescale/CW_MCU_v10.6/MCU/ARM_GCC_Support/ewl/lib/armv6-m\libc.a(exit.o)
 .debug_loc     0x00000b5f       0x6f C:/Freescale/CW_MCU_v10.6/MCU/ARM_GCC_Support/ewl/lib/armv6-m\libc.a(memset.o)
 .debug_loc     0x00000bce       0x64 C:/Freescale/CW_MCU_v10.6/MCU/ARM_GCC_Support/ewl/lib/armv6-m\libc.a(strcmp.o)
 .debug_loc     0x00000c32      0x14a C:/Freescale/CW_MCU_v10.6/MCU/ARM_GCC_Support/ewl/lib/armv6-m\libc.a(__filll_mem.o)
 .debug_loc     0x00000d7c       0x9d C:/Freescale/CW_MCU_v10.6/MCU/ARM_GCC_Support/ewl/lib/armv6-m\librt.a(gcc_ctor_dtor.o)
 .debug_loc     0x00000e19       0xd9 C:/Freescale/CW_MCU_v10.6/MCU/ARM_GCC_Support/ewl/lib/armv6-m\librt.a(ROMCopy.o)
 .debug_loc     0x00000ef2      0x197 C:/Freescale/CW_MCU_v10.6/MCU/ARM_GCC_Support/ewl/lib/armv6-m\librt.a(__arm_eabi_init.o)

.debug_aranges  0x00000000      0x378
 .debug_aranges
                0x00000000       0x28 ./Project_Settings/Startup_Code/kinetis_sysinit.o
 .debug_aranges
                0x00000028       0x30 ./Project_Settings/Startup_Code/__arm_start.o
 .debug_aranges
                0x00000058       0x20 ./Project_Settings/Startup_Code/__arm_end.o
 .debug_aranges
                0x00000078       0x88 ./Sources/timers.o
 .debug_aranges
                0x00000100       0x20 ./Sources/main.o
 .debug_aranges
                0x00000120       0x58 ./Sources/buffer_circular.o
 .debug_aranges
                0x00000178       0x38 ./Sources/UART.o
 .debug_aranges
                0x000001b0       0x58 ./Sources/ISR.o
 .debug_aranges
                0x00000208       0x40 C:/Freescale/CW_MCU_v10.6/MCU/ARM_GCC_Support/ewl/lib/armv6-m\libc.a(alloc.o)
 .debug_aranges
                0x00000248       0x20 C:/Freescale/CW_MCU_v10.6/MCU/ARM_GCC_Support/ewl/lib/armv6-m\libc.a(exit.o)
 .debug_aranges
                0x00000268       0x20 C:/Freescale/CW_MCU_v10.6/MCU/ARM_GCC_Support/ewl/lib/armv6-m\libc.a(memset.o)
 .debug_aranges
                0x00000288       0x20 C:/Freescale/CW_MCU_v10.6/MCU/ARM_GCC_Support/ewl/lib/armv6-m\libc.a(strcmp.o)
 .debug_aranges
                0x000002a8       0x20 C:/Freescale/CW_MCU_v10.6/MCU/ARM_GCC_Support/ewl/lib/armv6-m\libc.a(__filll_mem.o)
 .debug_aranges
                0x000002c8       0x28 C:/Freescale/CW_MCU_v10.6/MCU/ARM_GCC_Support/ewl/lib/armv6-m\librt.a(gcc_ctor_dtor.o)
 .debug_aranges
                0x000002f0       0x30 C:/Freescale/CW_MCU_v10.6/MCU/ARM_GCC_Support/ewl/lib/armv6-m\librt.a(ROMCopy.o)
 .debug_aranges
                0x00000320       0x58 C:/Freescale/CW_MCU_v10.6/MCU/ARM_GCC_Support/ewl/lib/armv6-m\librt.a(__arm_eabi_init.o)

.debug_macinfo  0x00000000    0xa836b
 .debug_macinfo
                0x00000000    0x264f0 ./Project_Settings/Startup_Code/kinetis_sysinit.o
 .debug_macinfo
                0x000264f0     0x3e6d ./Project_Settings/Startup_Code/__arm_start.o
 .debug_macinfo
                0x0002a35d     0x3456 ./Project_Settings/Startup_Code/__arm_end.o
 .debug_macinfo
                0x0002d7b3    0x264c7 ./Sources/timers.o
 .debug_macinfo
                0x00053c7a     0x3e73 ./Sources/main.o
 .debug_macinfo
                0x00057aed     0x3dc9 ./Sources/buffer_circular.o
 .debug_macinfo
                0x0005b8b6    0x264c5 ./Sources/UART.o
 .debug_macinfo
                0x00081d7b    0x265f0 ./Sources/ISR.o

.debug_line     0x00000000     0x1a40
 .debug_line    0x00000000      0x20c ./Project_Settings/Startup_Code/kinetis_sysinit.o
 .debug_line    0x0000020c      0x28f ./Project_Settings/Startup_Code/__arm_start.o
 .debug_line    0x0000049b      0x266 ./Project_Settings/Startup_Code/__arm_end.o
 .debug_line    0x00000701      0x2e1 ./Sources/timers.o
 .debug_line    0x000009e2      0x262 ./Sources/main.o
 .debug_line    0x00000c44      0x2b2 ./Sources/buffer_circular.o
 .debug_line    0x00000ef6      0x256 ./Sources/UART.o
 .debug_line    0x0000114c      0x2c8 ./Sources/ISR.o
 .debug_line    0x00001414      0x156 C:/Freescale/CW_MCU_v10.6/MCU/ARM_GCC_Support/ewl/lib/armv6-m\libc.a(alloc.o)
 .debug_line    0x0000156a       0x8d C:/Freescale/CW_MCU_v10.6/MCU/ARM_GCC_Support/ewl/lib/armv6-m\libc.a(exit.o)
 .debug_line    0x000015f7       0x90 C:/Freescale/CW_MCU_v10.6/MCU/ARM_GCC_Support/ewl/lib/armv6-m\libc.a(memset.o)
 .debug_line    0x00001687       0x83 C:/Freescale/CW_MCU_v10.6/MCU/ARM_GCC_Support/ewl/lib/armv6-m\libc.a(strcmp.o)
 .debug_line    0x0000170a       0xf6 C:/Freescale/CW_MCU_v10.6/MCU/ARM_GCC_Support/ewl/lib/armv6-m\libc.a(__filll_mem.o)
 .debug_line    0x00001800       0x6c C:/Freescale/CW_MCU_v10.6/MCU/ARM_GCC_Support/ewl/lib/armv6-m\librt.a(gcc_ctor_dtor.o)
 .debug_line    0x0000186c       0xbd C:/Freescale/CW_MCU_v10.6/MCU/ARM_GCC_Support/ewl/lib/armv6-m\librt.a(ROMCopy.o)
 .debug_line    0x00001929      0x117 C:/Freescale/CW_MCU_v10.6/MCU/ARM_GCC_Support/ewl/lib/armv6-m\librt.a(__arm_eabi_init.o)

.debug_str      0x00000000      0xd00
 .debug_str     0x00000000      0x28d ./Project_Settings/Startup_Code/kinetis_sysinit.o
                                0x2b4 (size before relaxing)
 .debug_str     0x0000028d       0x85 ./Project_Settings/Startup_Code/__arm_start.o
                                0x18e (size before relaxing)
 .debug_str     0x00000312       0x41 ./Project_Settings/Startup_Code/__arm_end.o
                                 0xc5 (size before relaxing)
 .debug_str     0x00000353      0x1fc ./Sources/timers.o
                                0x3f2 (size before relaxing)
 .debug_str     0x0000054f      0x130 ./Sources/main.o
                                0x254 (size before relaxing)
 .debug_str     0x0000067f       0xb4 ./Sources/buffer_circular.o
                                0x1bc (size before relaxing)
 .debug_str     0x00000733       0xc1 ./Sources/UART.o
                                0x3b6 (size before relaxing)
 .debug_str     0x000007f4       0xba ./Sources/ISR.o
                                0x26f (size before relaxing)
 .debug_str     0x000008ae       0xfb C:/Freescale/CW_MCU_v10.6/MCU/ARM_GCC_Support/ewl/lib/armv6-m\libc.a(alloc.o)
                                0x200 (size before relaxing)
 .debug_str     0x000009a9       0x2e C:/Freescale/CW_MCU_v10.6/MCU/ARM_GCC_Support/ewl/lib/armv6-m\libc.a(exit.o)
                                0x157 (size before relaxing)
 .debug_str     0x000009d7       0x1c C:/Freescale/CW_MCU_v10.6/MCU/ARM_GCC_Support/ewl/lib/armv6-m\libc.a(memset.o)
                                0x140 (size before relaxing)
 .debug_str     0x000009f3       0x2e C:/Freescale/CW_MCU_v10.6/MCU/ARM_GCC_Support/ewl/lib/armv6-m\libc.a(strcmp.o)
                                0x152 (size before relaxing)
 .debug_str     0x00000a21       0x25 C:/Freescale/CW_MCU_v10.6/MCU/ARM_GCC_Support/ewl/lib/armv6-m\libc.a(__filll_mem.o)
                                0x152 (size before relaxing)
 .debug_str     0x00000a46      0x126 C:/Freescale/CW_MCU_v10.6/MCU/ARM_GCC_Support/ewl/lib/armv6-m\librt.a(gcc_ctor_dtor.o)
                                0x181 (size before relaxing)
 .debug_str     0x00000b6c       0xa1 C:/Freescale/CW_MCU_v10.6/MCU/ARM_GCC_Support/ewl/lib/armv6-m\librt.a(ROMCopy.o)
                                0x13c (size before relaxing)
 .debug_str     0x00000c0d       0xf3 C:/Freescale/CW_MCU_v10.6/MCU/ARM_GCC_Support/ewl/lib/armv6-m\librt.a(__arm_eabi_init.o)
                                0x1b5 (size before relaxing)

.comment        0x00000000       0x79
 .comment       0x00000000       0x79 ./Project_Settings/Startup_Code/kinetis_sysinit.o
                                 0x7a (size before relaxing)
 .comment       0x00000000       0x7a ./Project_Settings/Startup_Code/__arm_start.o
 .comment       0x00000000       0x7a ./Project_Settings/Startup_Code/__arm_end.o
 .comment       0x00000000       0x7a ./Sources/timers.o
 .comment       0x00000000       0x7a ./Sources/main.o
 .comment       0x00000000       0x7a ./Sources/buffer_circular.o
 .comment       0x00000000       0x7a ./Sources/UART.o
 .comment       0x00000000       0x7a ./Sources/ISR.o
 .comment       0x00000000       0x7a C:/Freescale/CW_MCU_v10.6/MCU/ARM_GCC_Support/ewl/lib/armv6-m\libc.a(alloc.o)
 .comment       0x00000000       0x7a C:/Freescale/CW_MCU_v10.6/MCU/ARM_GCC_Support/ewl/lib/armv6-m\libc.a(exit.o)
 .comment       0x00000000       0x7a C:/Freescale/CW_MCU_v10.6/MCU/ARM_GCC_Support/ewl/lib/armv6-m\libc.a(memset.o)
 .comment       0x00000000       0x7a C:/Freescale/CW_MCU_v10.6/MCU/ARM_GCC_Support/ewl/lib/armv6-m\libc.a(strcmp.o)
 .comment       0x00000000       0x7a C:/Freescale/CW_MCU_v10.6/MCU/ARM_GCC_Support/ewl/lib/armv6-m\libc.a(__filll_mem.o)
 .comment       0x00000000       0x7a C:/Freescale/CW_MCU_v10.6/MCU/ARM_GCC_Support/ewl/lib/armv6-m\librt.a(gcc_ctor_dtor.o)
 .comment       0x00000000       0x7a C:/Freescale/CW_MCU_v10.6/MCU/ARM_GCC_Support/ewl/lib/armv6-m\librt.a(ROMCopy.o)
 .comment       0x00000000       0x7a C:/Freescale/CW_MCU_v10.6/MCU/ARM_GCC_Support/ewl/lib/armv6-m\librt.a(__arm_eabi_init.o)

.debug_frame    0x00000000      0x8b4
 .debug_frame   0x00000000       0x48 ./Project_Settings/Startup_Code/kinetis_sysinit.o
 .debug_frame   0x00000048       0x4c ./Project_Settings/Startup_Code/__arm_start.o
 .debug_frame   0x00000094       0x30 ./Project_Settings/Startup_Code/__arm_end.o
 .debug_frame   0x000000c4      0x1c4 ./Sources/timers.o
 .debug_frame   0x00000288       0x30 ./Sources/main.o
 .debug_frame   0x000002b8      0x110 ./Sources/buffer_circular.o
 .debug_frame   0x000003c8       0x88 ./Sources/UART.o
 .debug_frame   0x00000450       0xfc ./Sources/ISR.o
 .debug_frame   0x0000054c       0x9c C:/Freescale/CW_MCU_v10.6/MCU/ARM_GCC_Support/ewl/lib/armv6-m\libc.a(alloc.o)
 .debug_frame   0x000005e8       0x2c C:/Freescale/CW_MCU_v10.6/MCU/ARM_GCC_Support/ewl/lib/armv6-m\libc.a(exit.o)
 .debug_frame   0x00000614       0x28 C:/Freescale/CW_MCU_v10.6/MCU/ARM_GCC_Support/ewl/lib/armv6-m\libc.a(memset.o)
 .debug_frame   0x0000063c       0x28 C:/Freescale/CW_MCU_v10.6/MCU/ARM_GCC_Support/ewl/lib/armv6-m\libc.a(strcmp.o)
 .debug_frame   0x00000664       0x2c C:/Freescale/CW_MCU_v10.6/MCU/ARM_GCC_Support/ewl/lib/armv6-m\libc.a(__filll_mem.o)
 .debug_frame   0x00000690       0x34 c:/freescale/cw_mcu_v10.6/cross_tools/arm-none-eabi-gcc-4_7_3/bin/../lib/gcc/arm-none-eabi/4.7.3/armv6-m\libgcc.a(eqdf2.o)
 .debug_frame   0x000006c4       0x38 c:/freescale/cw_mcu_v10.6/cross_tools/arm-none-eabi-gcc-4_7_3/bin/../lib/gcc/arm-none-eabi/4.7.3/armv6-m\libgcc.a(gedf2.o)
 .debug_frame   0x000006fc       0x38 c:/freescale/cw_mcu_v10.6/cross_tools/arm-none-eabi-gcc-4_7_3/bin/../lib/gcc/arm-none-eabi/4.7.3/armv6-m\libgcc.a(ledf2.o)
 .debug_frame   0x00000734       0x30 c:/freescale/cw_mcu_v10.6/cross_tools/arm-none-eabi-gcc-4_7_3/bin/../lib/gcc/arm-none-eabi/4.7.3/armv6-m\libgcc.a(floatsidf.o)
 .debug_frame   0x00000764       0x40 C:/Freescale/CW_MCU_v10.6/MCU/ARM_GCC_Support/ewl/lib/armv6-m\librt.a(gcc_ctor_dtor.o)
 .debug_frame   0x000007a4       0x54 C:/Freescale/CW_MCU_v10.6/MCU/ARM_GCC_Support/ewl/lib/armv6-m\librt.a(ROMCopy.o)
 .debug_frame   0x000007f8       0xbc C:/Freescale/CW_MCU_v10.6/MCU/ARM_GCC_Support/ewl/lib/armv6-m\librt.a(__arm_eabi_init.o)
